// Jest Snapshot v1, https://goo.gl/fbAQLP

exports[`Test scenarios for <Footer/> component should match with the existing snapshot 1`] = `
<footer
  className="makeStyles-footer-1"
>
  <div
    className="MuiGrid-root MuiGrid-container MuiGrid-align-items-xs-center MuiGrid-justify-xs-space-between"
  >
    <div
      className="MuiGrid-root MuiGrid-item"
    >
      <p
        className="MuiTypography-root MuiTypography-body1 MuiTypography-noWrap"
      >
        OLD MUTUAL API-M v1.0.0 | Â© 2021 QNTM Ind.
      </p>
    </div>
  </div>
</footer>
`;
